// Jest Snapshot v1, https://goo.gl/fbAQLP

exports[`App Component  Successful render 1`] = `
<div
  className="App"
>
  <div>
    <div
      className="header"
    >
      <a
        aria-current="page"
        className="active"
        href="/login"
        onClick={[Function]}
        style={Object {}}
      >
        Login
      </a>
      <a
        aria-current={null}
        href="/home"
        onClick={[Function]}
      >
        Home
      </a>
    </div>
    <div
      className="content"
    >
      <form
        className="demoForm"
      >
        <h2>
          Sign In
        </h2>
        <div
          className="panel panel-default"
        >
          <div
            className="formErrors"
          >
            
            
          </div>
        </div>
        <div
          className="form-group"
        >
          <div>
            <label
              htmlFor="email"
            >
              Username
            </label>
          </div>
          <input
            className="form-control"
            name="username"
            onChange={[Function]}
            type="email"
          />
        </div>
        <br />
        <div
          className="form-group"
        >
          <div>
            <label
              htmlFor="password"
            >
              Password
            </label>
          </div>
          <input
            className="form-control"
            name="password"
            onChange={[Function]}
            type="password"
          />
        </div>
        <br />
        <button
          className="btn btn-primary"
          disabled={true}
          onClick={[Function]}
          type="submit"
        >
          Login
        </button>
      </form>
    </div>
  </div>
</div>
`;
