// Jest Snapshot v1, https://goo.gl/fbAQLP

exports[`Login Component  Handle password 1`] = `undefined`;

exports[`Login Component  Handle username 1`] = `undefined`;

exports[`Login Component  Successful render 1`] = `
<form
  className="demoForm"
>
  <h2>
    Sign In
  </h2>
  <div
    className="panel panel-default"
  >
    <div
      className="formErrors"
    >
      
      
    </div>
  </div>
  <div
    className="form-group"
  >
    <div>
      <label
        htmlFor="email"
      >
        Username
      </label>
    </div>
    <input
      className="form-control"
      name="username"
      onChange={[Function]}
      type="email"
    />
  </div>
  <br />
  <div
    className="form-group"
  >
    <div>
      <label
        htmlFor="password"
      >
        Password
      </label>
    </div>
    <input
      className="form-control"
      name="password"
      onChange={[Function]}
      type="password"
    />
  </div>
  <br />
  <button
    className="btn btn-primary"
    disabled={true}
    onClick={[Function]}
    type="submit"
  >
    Login
  </button>
</form>
`;
